Archive member included because of file (symbol)

/usr/local/Cellar/avr-gcc/4.8.2/lib/gcc/avr/4.8.2/../../../../avr/lib/avrxmega2/libm.a(addsf3.o)
                              waveform.o (__addsf3)
/usr/local/Cellar/avr-gcc/4.8.2/lib/gcc/avr/4.8.2/../../../../avr/lib/avrxmega2/libm.a(addsf3x.o)
                              /usr/local/Cellar/avr-gcc/4.8.2/lib/gcc/avr/4.8.2/../../../../avr/lib/avrxmega2/libm.a(addsf3.o) (__addsf3x)
/usr/local/Cellar/avr-gcc/4.8.2/lib/gcc/avr/4.8.2/../../../../avr/lib/avrxmega2/libm.a(divsf3.o)
                              waveform.o (__divsf3)
/usr/local/Cellar/avr-gcc/4.8.2/lib/gcc/avr/4.8.2/../../../../avr/lib/avrxmega2/libm.a(divsf3x.o)
                              /usr/local/Cellar/avr-gcc/4.8.2/lib/gcc/avr/4.8.2/../../../../avr/lib/avrxmega2/libm.a(divsf3.o) (__divsf3x)
/usr/local/Cellar/avr-gcc/4.8.2/lib/gcc/avr/4.8.2/../../../../avr/lib/avrxmega2/libm.a(fixsfsi.o)
                              waveform.o (__fixsfsi)
/usr/local/Cellar/avr-gcc/4.8.2/lib/gcc/avr/4.8.2/../../../../avr/lib/avrxmega2/libm.a(fixunssfsi.o)
                              /usr/local/Cellar/avr-gcc/4.8.2/lib/gcc/avr/4.8.2/../../../../avr/lib/avrxmega2/libm.a(fixsfsi.o) (__fixunssfsi)
/usr/local/Cellar/avr-gcc/4.8.2/lib/gcc/avr/4.8.2/../../../../avr/lib/avrxmega2/libm.a(floatsisf.o)
                              waveform.o (__floatsisf)
/usr/local/Cellar/avr-gcc/4.8.2/lib/gcc/avr/4.8.2/../../../../avr/lib/avrxmega2/libm.a(fp_inf.o)
                              /usr/local/Cellar/avr-gcc/4.8.2/lib/gcc/avr/4.8.2/../../../../avr/lib/avrxmega2/libm.a(addsf3x.o) (__fp_inf)
/usr/local/Cellar/avr-gcc/4.8.2/lib/gcc/avr/4.8.2/../../../../avr/lib/avrxmega2/libm.a(fp_nan.o)
                              /usr/local/Cellar/avr-gcc/4.8.2/lib/gcc/avr/4.8.2/../../../../avr/lib/avrxmega2/libm.a(addsf3x.o) (__fp_nan)
/usr/local/Cellar/avr-gcc/4.8.2/lib/gcc/avr/4.8.2/../../../../avr/lib/avrxmega2/libm.a(fp_pscA.o)
                              /usr/local/Cellar/avr-gcc/4.8.2/lib/gcc/avr/4.8.2/../../../../avr/lib/avrxmega2/libm.a(addsf3x.o) (__fp_pscA)
/usr/local/Cellar/avr-gcc/4.8.2/lib/gcc/avr/4.8.2/../../../../avr/lib/avrxmega2/libm.a(fp_pscB.o)
                              /usr/local/Cellar/avr-gcc/4.8.2/lib/gcc/avr/4.8.2/../../../../avr/lib/avrxmega2/libm.a(addsf3x.o) (__fp_pscB)
/usr/local/Cellar/avr-gcc/4.8.2/lib/gcc/avr/4.8.2/../../../../avr/lib/avrxmega2/libm.a(fp_round.o)
                              /usr/local/Cellar/avr-gcc/4.8.2/lib/gcc/avr/4.8.2/../../../../avr/lib/avrxmega2/libm.a(addsf3.o) (__fp_round)
/usr/local/Cellar/avr-gcc/4.8.2/lib/gcc/avr/4.8.2/../../../../avr/lib/avrxmega2/libm.a(fp_split3.o)
                              /usr/local/Cellar/avr-gcc/4.8.2/lib/gcc/avr/4.8.2/../../../../avr/lib/avrxmega2/libm.a(addsf3x.o) (__fp_split3)
/usr/local/Cellar/avr-gcc/4.8.2/lib/gcc/avr/4.8.2/../../../../avr/lib/avrxmega2/libm.a(fp_zero.o)
                              /usr/local/Cellar/avr-gcc/4.8.2/lib/gcc/avr/4.8.2/../../../../avr/lib/avrxmega2/libm.a(addsf3x.o) (__fp_zero)
/usr/local/Cellar/avr-gcc/4.8.2/lib/gcc/avr/4.8.2/../../../../avr/lib/avrxmega2/libm.a(mulsf3.o)
                              waveform.o (__mulsf3)
/usr/local/Cellar/avr-gcc/4.8.2/lib/gcc/avr/4.8.2/../../../../avr/lib/avrxmega2/libm.a(mulsf3x.o)
                              /usr/local/Cellar/avr-gcc/4.8.2/lib/gcc/avr/4.8.2/../../../../avr/lib/avrxmega2/libm.a(mulsf3.o) (__mulsf3x)
/usr/local/Cellar/avr-gcc/4.8.2/lib/gcc/avr/4.8.2/../../../../avr/lib/avrxmega2/libm.a(sin.o)
                              waveform.o (sin)
/usr/local/Cellar/avr-gcc/4.8.2/lib/gcc/avr/4.8.2/../../../../avr/lib/avrxmega2/libm.a(fp_rempio2.o)
                              /usr/local/Cellar/avr-gcc/4.8.2/lib/gcc/avr/4.8.2/../../../../avr/lib/avrxmega2/libm.a(sin.o) (__fp_rempio2)
/usr/local/Cellar/avr-gcc/4.8.2/lib/gcc/avr/4.8.2/../../../../avr/lib/avrxmega2/libm.a(fp_sinus.o)
                              /usr/local/Cellar/avr-gcc/4.8.2/lib/gcc/avr/4.8.2/../../../../avr/lib/avrxmega2/libm.a(sin.o) (__fp_sinus)
/usr/local/Cellar/avr-gcc/4.8.2/lib/gcc/avr/4.8.2/../../../../avr/lib/avrxmega2/libm.a(fp_mpack.o)
                              /usr/local/Cellar/avr-gcc/4.8.2/lib/gcc/avr/4.8.2/../../../../avr/lib/avrxmega2/libm.a(fp_rempio2.o) (__fp_mpack_finite)
/usr/local/Cellar/avr-gcc/4.8.2/lib/gcc/avr/4.8.2/../../../../avr/lib/avrxmega2/libm.a(fp_powsodd.o)
                              /usr/local/Cellar/avr-gcc/4.8.2/lib/gcc/avr/4.8.2/../../../../avr/lib/avrxmega2/libm.a(fp_sinus.o) (__fp_powsodd)
/usr/local/Cellar/avr-gcc/4.8.2/lib/gcc/avr/4.8.2/../../../../avr/lib/avrxmega2/libm.a(fp_powser.o)
                              /usr/local/Cellar/avr-gcc/4.8.2/lib/gcc/avr/4.8.2/../../../../avr/lib/avrxmega2/libm.a(fp_powsodd.o) (__fp_powser)
/usr/local/Cellar/avr-gcc/4.8.2/lib/gcc/avr/4.8.2/avrxmega2/libgcc.a(_udivmodsi4.o)
                              waveform.o (__udivmodsi4)
/usr/local/Cellar/avr-gcc/4.8.2/lib/gcc/avr/4.8.2/avrxmega2/libgcc.a(_exit.o)
                              /usr/local/Cellar/avr-gcc/4.8.2/lib/gcc/avr/4.8.2/../../../../avr/lib/avrxmega2/crtx32e5.o (exit)
/usr/local/Cellar/avr-gcc/4.8.2/lib/gcc/avr/4.8.2/avrxmega2/libgcc.a(_copy_data.o)
                              waveform.o (__do_copy_data)
/usr/local/Cellar/avr-gcc/4.8.2/lib/gcc/avr/4.8.2/avrxmega2/libgcc.a(_clear_bss.o)
                              waveform.o (__do_clear_bss)

Allocating common symbols
Common symbol       size              file

data12              0xc8              waveform.o

Discarded input sections

 .bss           0x0000000000000000        0x0 /usr/local/Cellar/avr-gcc/4.8.2/lib/gcc/avr/4.8.2/../../../../avr/lib/avrxmega2/crtx32e5.o
 .text          0x0000000000000000        0x0 waveform.o
 .bss           0x0000000000000000        0x0 waveform.o
 .text          0x0000000000000000        0x0 /usr/local/Cellar/avr-gcc/4.8.2/lib/gcc/avr/4.8.2/../../../../avr/lib/avrxmega2/libm.a(addsf3.o)
 .bss           0x0000000000000000        0x0 /usr/local/Cellar/avr-gcc/4.8.2/lib/gcc/avr/4.8.2/../../../../avr/lib/avrxmega2/libm.a(addsf3.o)
 .text          0x0000000000000000        0x0 /usr/local/Cellar/avr-gcc/4.8.2/lib/gcc/avr/4.8.2/../../../../avr/lib/avrxmega2/libm.a(addsf3x.o)
 .bss           0x0000000000000000        0x0 /usr/local/Cellar/avr-gcc/4.8.2/lib/gcc/avr/4.8.2/../../../../avr/lib/avrxmega2/libm.a(addsf3x.o)
 .text          0x0000000000000000        0x0 /usr/local/Cellar/avr-gcc/4.8.2/lib/gcc/avr/4.8.2/../../../../avr/lib/avrxmega2/libm.a(divsf3.o)
 .bss           0x0000000000000000        0x0 /usr/local/Cellar/avr-gcc/4.8.2/lib/gcc/avr/4.8.2/../../../../avr/lib/avrxmega2/libm.a(divsf3.o)
 .text          0x0000000000000000        0x0 /usr/local/Cellar/avr-gcc/4.8.2/lib/gcc/avr/4.8.2/../../../../avr/lib/avrxmega2/libm.a(divsf3x.o)
 .bss           0x0000000000000000        0x0 /usr/local/Cellar/avr-gcc/4.8.2/lib/gcc/avr/4.8.2/../../../../avr/lib/avrxmega2/libm.a(divsf3x.o)
 .text          0x0000000000000000        0x0 /usr/local/Cellar/avr-gcc/4.8.2/lib/gcc/avr/4.8.2/../../../../avr/lib/avrxmega2/libm.a(fixsfsi.o)
 .bss           0x0000000000000000        0x0 /usr/local/Cellar/avr-gcc/4.8.2/lib/gcc/avr/4.8.2/../../../../avr/lib/avrxmega2/libm.a(fixsfsi.o)
 .text          0x0000000000000000        0x0 /usr/local/Cellar/avr-gcc/4.8.2/lib/gcc/avr/4.8.2/../../../../avr/lib/avrxmega2/libm.a(fixunssfsi.o)
 .bss           0x0000000000000000        0x0 /usr/local/Cellar/avr-gcc/4.8.2/lib/gcc/avr/4.8.2/../../../../avr/lib/avrxmega2/libm.a(fixunssfsi.o)
 .text          0x0000000000000000        0x0 /usr/local/Cellar/avr-gcc/4.8.2/lib/gcc/avr/4.8.2/../../../../avr/lib/avrxmega2/libm.a(floatsisf.o)
 .bss           0x0000000000000000        0x0 /usr/local/Cellar/avr-gcc/4.8.2/lib/gcc/avr/4.8.2/../../../../avr/lib/avrxmega2/libm.a(floatsisf.o)
 .text          0x0000000000000000        0x0 /usr/local/Cellar/avr-gcc/4.8.2/lib/gcc/avr/4.8.2/../../../../avr/lib/avrxmega2/libm.a(fp_inf.o)
 .bss           0x0000000000000000        0x0 /usr/local/Cellar/avr-gcc/4.8.2/lib/gcc/avr/4.8.2/../../../../avr/lib/avrxmega2/libm.a(fp_inf.o)
 .text          0x0000000000000000        0x0 /usr/local/Cellar/avr-gcc/4.8.2/lib/gcc/avr/4.8.2/../../../../avr/lib/avrxmega2/libm.a(fp_nan.o)
 .bss           0x0000000000000000        0x0 /usr/local/Cellar/avr-gcc/4.8.2/lib/gcc/avr/4.8.2/../../../../avr/lib/avrxmega2/libm.a(fp_nan.o)
 .text          0x0000000000000000        0x0 /usr/local/Cellar/avr-gcc/4.8.2/lib/gcc/avr/4.8.2/../../../../avr/lib/avrxmega2/libm.a(fp_pscA.o)
 .bss           0x0000000000000000        0x0 /usr/local/Cellar/avr-gcc/4.8.2/lib/gcc/avr/4.8.2/../../../../avr/lib/avrxmega2/libm.a(fp_pscA.o)
 .text          0x0000000000000000        0x0 /usr/local/Cellar/avr-gcc/4.8.2/lib/gcc/avr/4.8.2/../../../../avr/lib/avrxmega2/libm.a(fp_pscB.o)
 .bss           0x0000000000000000        0x0 /usr/local/Cellar/avr-gcc/4.8.2/lib/gcc/avr/4.8.2/../../../../avr/lib/avrxmega2/libm.a(fp_pscB.o)
 .text          0x0000000000000000        0x0 /usr/local/Cellar/avr-gcc/4.8.2/lib/gcc/avr/4.8.2/../../../../avr/lib/avrxmega2/libm.a(fp_round.o)
 .bss           0x0000000000000000        0x0 /usr/local/Cellar/avr-gcc/4.8.2/lib/gcc/avr/4.8.2/../../../../avr/lib/avrxmega2/libm.a(fp_round.o)
 .text          0x0000000000000000        0x0 /usr/local/Cellar/avr-gcc/4.8.2/lib/gcc/avr/4.8.2/../../../../avr/lib/avrxmega2/libm.a(fp_split3.o)
 .bss           0x0000000000000000        0x0 /usr/local/Cellar/avr-gcc/4.8.2/lib/gcc/avr/4.8.2/../../../../avr/lib/avrxmega2/libm.a(fp_split3.o)
 .text          0x0000000000000000        0x0 /usr/local/Cellar/avr-gcc/4.8.2/lib/gcc/avr/4.8.2/../../../../avr/lib/avrxmega2/libm.a(fp_zero.o)
 .bss           0x0000000000000000        0x0 /usr/local/Cellar/avr-gcc/4.8.2/lib/gcc/avr/4.8.2/../../../../avr/lib/avrxmega2/libm.a(fp_zero.o)
 .text          0x0000000000000000        0x0 /usr/local/Cellar/avr-gcc/4.8.2/lib/gcc/avr/4.8.2/../../../../avr/lib/avrxmega2/libm.a(mulsf3.o)
 .bss           0x0000000000000000        0x0 /usr/local/Cellar/avr-gcc/4.8.2/lib/gcc/avr/4.8.2/../../../../avr/lib/avrxmega2/libm.a(mulsf3.o)
 .text          0x0000000000000000        0x0 /usr/local/Cellar/avr-gcc/4.8.2/lib/gcc/avr/4.8.2/../../../../avr/lib/avrxmega2/libm.a(mulsf3x.o)
 .bss           0x0000000000000000        0x0 /usr/local/Cellar/avr-gcc/4.8.2/lib/gcc/avr/4.8.2/../../../../avr/lib/avrxmega2/libm.a(mulsf3x.o)
 .text          0x0000000000000000        0x0 /usr/local/Cellar/avr-gcc/4.8.2/lib/gcc/avr/4.8.2/../../../../avr/lib/avrxmega2/libm.a(sin.o)
 .bss           0x0000000000000000        0x0 /usr/local/Cellar/avr-gcc/4.8.2/lib/gcc/avr/4.8.2/../../../../avr/lib/avrxmega2/libm.a(sin.o)
 .text          0x0000000000000000        0x0 /usr/local/Cellar/avr-gcc/4.8.2/lib/gcc/avr/4.8.2/../../../../avr/lib/avrxmega2/libm.a(fp_rempio2.o)
 .bss           0x0000000000000000        0x0 /usr/local/Cellar/avr-gcc/4.8.2/lib/gcc/avr/4.8.2/../../../../avr/lib/avrxmega2/libm.a(fp_rempio2.o)
 .text          0x0000000000000000        0x0 /usr/local/Cellar/avr-gcc/4.8.2/lib/gcc/avr/4.8.2/../../../../avr/lib/avrxmega2/libm.a(fp_sinus.o)
 .bss           0x0000000000000000        0x0 /usr/local/Cellar/avr-gcc/4.8.2/lib/gcc/avr/4.8.2/../../../../avr/lib/avrxmega2/libm.a(fp_sinus.o)
 .text          0x0000000000000000        0x0 /usr/local/Cellar/avr-gcc/4.8.2/lib/gcc/avr/4.8.2/../../../../avr/lib/avrxmega2/libm.a(fp_mpack.o)
 .bss           0x0000000000000000        0x0 /usr/local/Cellar/avr-gcc/4.8.2/lib/gcc/avr/4.8.2/../../../../avr/lib/avrxmega2/libm.a(fp_mpack.o)
 .text          0x0000000000000000        0x0 /usr/local/Cellar/avr-gcc/4.8.2/lib/gcc/avr/4.8.2/../../../../avr/lib/avrxmega2/libm.a(fp_powsodd.o)
 .bss           0x0000000000000000        0x0 /usr/local/Cellar/avr-gcc/4.8.2/lib/gcc/avr/4.8.2/../../../../avr/lib/avrxmega2/libm.a(fp_powsodd.o)
 .text          0x0000000000000000        0x0 /usr/local/Cellar/avr-gcc/4.8.2/lib/gcc/avr/4.8.2/../../../../avr/lib/avrxmega2/libm.a(fp_powser.o)
 .bss           0x0000000000000000        0x0 /usr/local/Cellar/avr-gcc/4.8.2/lib/gcc/avr/4.8.2/../../../../avr/lib/avrxmega2/libm.a(fp_powser.o)
 .text          0x0000000000000000        0x0 /usr/local/Cellar/avr-gcc/4.8.2/lib/gcc/avr/4.8.2/avrxmega2/libgcc.a(_udivmodsi4.o)
 .bss           0x0000000000000000        0x0 /usr/local/Cellar/avr-gcc/4.8.2/lib/gcc/avr/4.8.2/avrxmega2/libgcc.a(_udivmodsi4.o)
 .text.libgcc.mul
                0x0000000000000000        0x0 /usr/local/Cellar/avr-gcc/4.8.2/lib/gcc/avr/4.8.2/avrxmega2/libgcc.a(_udivmodsi4.o)
 .text.libgcc   0x0000000000000000        0x0 /usr/local/Cellar/avr-gcc/4.8.2/lib/gcc/avr/4.8.2/avrxmega2/libgcc.a(_udivmodsi4.o)
 .text.libgcc.prologue
                0x0000000000000000        0x0 /usr/local/Cellar/avr-gcc/4.8.2/lib/gcc/avr/4.8.2/avrxmega2/libgcc.a(_udivmodsi4.o)
 .text.libgcc.builtins
                0x0000000000000000        0x0 /usr/local/Cellar/avr-gcc/4.8.2/lib/gcc/avr/4.8.2/avrxmega2/libgcc.a(_udivmodsi4.o)
 .text.libgcc.fmul
                0x0000000000000000        0x0 /usr/local/Cellar/avr-gcc/4.8.2/lib/gcc/avr/4.8.2/avrxmega2/libgcc.a(_udivmodsi4.o)
 .text.libgcc.fixed
                0x0000000000000000        0x0 /usr/local/Cellar/avr-gcc/4.8.2/lib/gcc/avr/4.8.2/avrxmega2/libgcc.a(_udivmodsi4.o)
 .text          0x0000000000000000        0x0 /usr/local/Cellar/avr-gcc/4.8.2/lib/gcc/avr/4.8.2/avrxmega2/libgcc.a(_exit.o)
 .bss           0x0000000000000000        0x0 /usr/local/Cellar/avr-gcc/4.8.2/lib/gcc/avr/4.8.2/avrxmega2/libgcc.a(_exit.o)
 .text.libgcc.mul
                0x0000000000000000        0x0 /usr/local/Cellar/avr-gcc/4.8.2/lib/gcc/avr/4.8.2/avrxmega2/libgcc.a(_exit.o)
 .text.libgcc.div
                0x0000000000000000        0x0 /usr/local/Cellar/avr-gcc/4.8.2/lib/gcc/avr/4.8.2/avrxmega2/libgcc.a(_exit.o)
 .text.libgcc   0x0000000000000000        0x0 /usr/local/Cellar/avr-gcc/4.8.2/lib/gcc/avr/4.8.2/avrxmega2/libgcc.a(_exit.o)
 .text.libgcc.prologue
                0x0000000000000000        0x0 /usr/local/Cellar/avr-gcc/4.8.2/lib/gcc/avr/4.8.2/avrxmega2/libgcc.a(_exit.o)
 .text.libgcc.builtins
                0x0000000000000000        0x0 /usr/local/Cellar/avr-gcc/4.8.2/lib/gcc/avr/4.8.2/avrxmega2/libgcc.a(_exit.o)
 .text.libgcc.fmul
                0x0000000000000000        0x0 /usr/local/Cellar/avr-gcc/4.8.2/lib/gcc/avr/4.8.2/avrxmega2/libgcc.a(_exit.o)
 .text.libgcc.fixed
                0x0000000000000000        0x0 /usr/local/Cellar/avr-gcc/4.8.2/lib/gcc/avr/4.8.2/avrxmega2/libgcc.a(_exit.o)
 .text          0x0000000000000000        0x0 /usr/local/Cellar/avr-gcc/4.8.2/lib/gcc/avr/4.8.2/avrxmega2/libgcc.a(_copy_data.o)
 .bss           0x0000000000000000        0x0 /usr/local/Cellar/avr-gcc/4.8.2/lib/gcc/avr/4.8.2/avrxmega2/libgcc.a(_copy_data.o)
 .text.libgcc.mul
                0x0000000000000000        0x0 /usr/local/Cellar/avr-gcc/4.8.2/lib/gcc/avr/4.8.2/avrxmega2/libgcc.a(_copy_data.o)
 .text.libgcc.div
                0x0000000000000000        0x0 /usr/local/Cellar/avr-gcc/4.8.2/lib/gcc/avr/4.8.2/avrxmega2/libgcc.a(_copy_data.o)
 .text.libgcc   0x0000000000000000        0x0 /usr/local/Cellar/avr-gcc/4.8.2/lib/gcc/avr/4.8.2/avrxmega2/libgcc.a(_copy_data.o)
 .text.libgcc.prologue
                0x0000000000000000        0x0 /usr/local/Cellar/avr-gcc/4.8.2/lib/gcc/avr/4.8.2/avrxmega2/libgcc.a(_copy_data.o)
 .text.libgcc.builtins
                0x0000000000000000        0x0 /usr/local/Cellar/avr-gcc/4.8.2/lib/gcc/avr/4.8.2/avrxmega2/libgcc.a(_copy_data.o)
 .text.libgcc.fmul
                0x0000000000000000        0x0 /usr/local/Cellar/avr-gcc/4.8.2/lib/gcc/avr/4.8.2/avrxmega2/libgcc.a(_copy_data.o)
 .text.libgcc.fixed
                0x0000000000000000        0x0 /usr/local/Cellar/avr-gcc/4.8.2/lib/gcc/avr/4.8.2/avrxmega2/libgcc.a(_copy_data.o)
 .text          0x0000000000000000        0x0 /usr/local/Cellar/avr-gcc/4.8.2/lib/gcc/avr/4.8.2/avrxmega2/libgcc.a(_clear_bss.o)
 .bss           0x0000000000000000        0x0 /usr/local/Cellar/avr-gcc/4.8.2/lib/gcc/avr/4.8.2/avrxmega2/libgcc.a(_clear_bss.o)
 .text.libgcc.mul
                0x0000000000000000        0x0 /usr/local/Cellar/avr-gcc/4.8.2/lib/gcc/avr/4.8.2/avrxmega2/libgcc.a(_clear_bss.o)
 .text.libgcc.div
                0x0000000000000000        0x0 /usr/local/Cellar/avr-gcc/4.8.2/lib/gcc/avr/4.8.2/avrxmega2/libgcc.a(_clear_bss.o)
 .text.libgcc   0x0000000000000000        0x0 /usr/local/Cellar/avr-gcc/4.8.2/lib/gcc/avr/4.8.2/avrxmega2/libgcc.a(_clear_bss.o)
 .text.libgcc.prologue
                0x0000000000000000        0x0 /usr/local/Cellar/avr-gcc/4.8.2/lib/gcc/avr/4.8.2/avrxmega2/libgcc.a(_clear_bss.o)
 .text.libgcc.builtins
                0x0000000000000000        0x0 /usr/local/Cellar/avr-gcc/4.8.2/lib/gcc/avr/4.8.2/avrxmega2/libgcc.a(_clear_bss.o)
 .text.libgcc.fmul
                0x0000000000000000        0x0 /usr/local/Cellar/avr-gcc/4.8.2/lib/gcc/avr/4.8.2/avrxmega2/libgcc.a(_clear_bss.o)
 .text.libgcc.fixed
                0x0000000000000000        0x0 /usr/local/Cellar/avr-gcc/4.8.2/lib/gcc/avr/4.8.2/avrxmega2/libgcc.a(_clear_bss.o)

Memory Configuration

Name             Origin             Length             Attributes
text             0x0000000000000000 0x0000000000100000 xr
data             0x0000000000802000 0x000000000000ffa0 rw !x
eeprom           0x0000000000810000 0x0000000000010000 rw !x
fuse             0x0000000000820000 0x0000000000000400 rw !x
lock             0x0000000000830000 0x0000000000000400 rw !x
signature        0x0000000000840000 0x0000000000000400 rw !x
*default*        0x0000000000000000 0xffffffffffffffff

Linker script and memory map

LOAD /usr/local/Cellar/avr-gcc/4.8.2/lib/gcc/avr/4.8.2/../../../../avr/lib/avrxmega2/crtx32e5.o
LOAD waveform.o
LOAD /usr/local/Cellar/avr-gcc/4.8.2/lib/gcc/avr/4.8.2/../../../../avr/lib/avrxmega2/libm.a
START GROUP
LOAD /usr/local/Cellar/avr-gcc/4.8.2/lib/gcc/avr/4.8.2/avrxmega2/libgcc.a
LOAD /usr/local/Cellar/avr-gcc/4.8.2/lib/gcc/avr/4.8.2/../../../../avr/lib/avrxmega2/libm.a
LOAD /usr/local/Cellar/avr-gcc/4.8.2/lib/gcc/avr/4.8.2/../../../../avr/lib/avrxmega2/libc.a
END GROUP

.hash
 *(.hash)

.dynsym
 *(.dynsym)

.dynstr
 *(.dynstr)

.gnu.version
 *(.gnu.version)

.gnu.version_d
 *(.gnu.version_d)

.gnu.version_r
 *(.gnu.version_r)

.rel.init
 *(.rel.init)

.rela.init
 *(.rela.init)

.rel.text
 *(.rel.text)
 *(.rel.text.*)
 *(.rel.gnu.linkonce.t*)

.rela.text
 *(.rela.text)
 *(.rela.text.*)
 *(.rela.gnu.linkonce.t*)

.rel.fini
 *(.rel.fini)

.rela.fini
 *(.rela.fini)

.rel.rodata
 *(.rel.rodata)
 *(.rel.rodata.*)
 *(.rel.gnu.linkonce.r*)

.rela.rodata
 *(.rela.rodata)
 *(.rela.rodata.*)
 *(.rela.gnu.linkonce.r*)

.rel.data
 *(.rel.data)
 *(.rel.data.*)
 *(.rel.gnu.linkonce.d*)

.rela.data
 *(.rela.data)
 *(.rela.data.*)
 *(.rela.gnu.linkonce.d*)

.rel.ctors
 *(.rel.ctors)

.rela.ctors
 *(.rela.ctors)

.rel.dtors
 *(.rel.dtors)

.rela.dtors
 *(.rela.dtors)

.rel.got
 *(.rel.got)

.rela.got
 *(.rela.got)

.rel.bss
 *(.rel.bss)

.rela.bss
 *(.rela.bss)

.rel.plt
 *(.rel.plt)

.rela.plt
 *(.rela.plt)

.text           0x0000000000000000      0x844
 *(.vectors)
 .vectors       0x0000000000000000       0xac /usr/local/Cellar/avr-gcc/4.8.2/lib/gcc/avr/4.8.2/../../../../avr/lib/avrxmega2/crtx32e5.o
                0x0000000000000000                __vectors
                0x0000000000000000                __vector_default
 *(.vectors)
 *(.progmem.gcc*)
 .progmem.gcc_fplib
                0x00000000000000ac       0x1e /usr/local/Cellar/avr-gcc/4.8.2/lib/gcc/avr/4.8.2/../../../../avr/lib/avrxmega2/libm.a(fp_sinus.o)
 *(.progmem*)
                0x00000000000000ca                . = ALIGN (0x2)
                0x00000000000000ca                __trampolines_start = .
 *(.trampolines)
 .trampolines   0x00000000000000ca        0x0 linker stubs
 *(.trampolines*)
                0x00000000000000ca                __trampolines_end = .
 *(.jumptables)
 *(.jumptables*)
 *(.lowtext)
 *(.lowtext*)
                0x00000000000000ca                __ctors_start = .
 *(.ctors)
                0x00000000000000ca                __ctors_end = .
                0x00000000000000ca                __dtors_start = .
 *(.dtors)
                0x00000000000000ca                __dtors_end = .
 SORT(*)(.ctors)
 SORT(*)(.dtors)
 *(.init0)
 .init0         0x00000000000000ca        0x0 /usr/local/Cellar/avr-gcc/4.8.2/lib/gcc/avr/4.8.2/../../../../avr/lib/avrxmega2/crtx32e5.o
                0x00000000000000ca                __init
 *(.init0)
 *(.init1)
 *(.init1)
 *(.init2)
 .init2         0x00000000000000ca        0xc /usr/local/Cellar/avr-gcc/4.8.2/lib/gcc/avr/4.8.2/../../../../avr/lib/avrxmega2/crtx32e5.o
 *(.init2)
 *(.init3)
 *(.init3)
 *(.init4)
 .init4         0x00000000000000d6       0x16 /usr/local/Cellar/avr-gcc/4.8.2/lib/gcc/avr/4.8.2/avrxmega2/libgcc.a(_copy_data.o)
                0x00000000000000d6                __do_copy_data
 .init4         0x00000000000000ec       0x10 /usr/local/Cellar/avr-gcc/4.8.2/lib/gcc/avr/4.8.2/avrxmega2/libgcc.a(_clear_bss.o)
                0x00000000000000ec                __do_clear_bss
 *(.init4)
 *(.init5)
 *(.init5)
 *(.init6)
 *(.init6)
 *(.init7)
 *(.init7)
 *(.init8)
 *(.init8)
 *(.init9)
 .init9         0x00000000000000fc        0x8 /usr/local/Cellar/avr-gcc/4.8.2/lib/gcc/avr/4.8.2/../../../../avr/lib/avrxmega2/crtx32e5.o
 *(.init9)
 *(.text)
 .text          0x0000000000000104        0x4 /usr/local/Cellar/avr-gcc/4.8.2/lib/gcc/avr/4.8.2/../../../../avr/lib/avrxmega2/crtx32e5.o
                0x0000000000000104                __vector_42
                0x0000000000000104                __vector_22
                0x0000000000000104                __vector_28
                0x0000000000000104                __vector_1
                0x0000000000000104                __vector_32
                0x0000000000000104                __vector_34
                0x0000000000000104                __vector_24
                0x0000000000000104                __vector_12
                0x0000000000000104                __bad_interrupt
                0x0000000000000104                __vector_6
                0x0000000000000104                __vector_31
                0x0000000000000104                __vector_35
                0x0000000000000104                __vector_39
                0x0000000000000104                __vector_3
                0x0000000000000104                __vector_23
                0x0000000000000104                __vector_30
                0x0000000000000104                __vector_25
                0x0000000000000104                __vector_11
                0x0000000000000104                __vector_13
                0x0000000000000104                __vector_17
                0x0000000000000104                __vector_19
                0x0000000000000104                __vector_7
                0x0000000000000104                __vector_41
                0x0000000000000104                __vector_27
                0x0000000000000104                __vector_5
                0x0000000000000104                __vector_33
                0x0000000000000104                __vector_37
                0x0000000000000104                __vector_4
                0x0000000000000104                __vector_9
                0x0000000000000104                __vector_2
                0x0000000000000104                __vector_21
                0x0000000000000104                __vector_15
                0x0000000000000104                __vector_36
                0x0000000000000104                __vector_29
                0x0000000000000104                __vector_40
                0x0000000000000104                __vector_8
                0x0000000000000104                __vector_26
                0x0000000000000104                __vector_14
                0x0000000000000104                __vector_10
                0x0000000000000104                __vector_16
                0x0000000000000104                __vector_18
                0x0000000000000104                __vector_20
                0x0000000000000104                __vector_38
                0x0000000000000108                . = ALIGN (0x2)
 *(.text.*)
 .text.LoadSineWave
                0x0000000000000108       0xca waveform.o
                0x0000000000000108                LoadSineWave
 .text.GenerateArbWave12
                0x00000000000001d2       0xbe waveform.o
                0x00000000000001d2                GenerateArbWave12
 .text.Config32MHzClock
                0x0000000000000290       0x1e waveform.o
                0x0000000000000290                Config32MHzClock
 .text.startup.main
                0x00000000000002ae       0x6a waveform.o
                0x00000000000002ae                main
 .text.avr-libc.fplib
                0x0000000000000318        0xa /usr/local/Cellar/avr-gcc/4.8.2/lib/gcc/avr/4.8.2/../../../../avr/lib/avrxmega2/libm.a(addsf3.o)
                0x0000000000000318                __subsf3
                0x000000000000031a                __addsf3
 .text.avr-libc.fplib
                0x0000000000000322       0xc0 /usr/local/Cellar/avr-gcc/4.8.2/lib/gcc/avr/4.8.2/../../../../avr/lib/avrxmega2/libm.a(addsf3x.o)
                0x000000000000033c                __addsf3x
 .text.avr-libc.fplib
                0x00000000000003e2        0x4 /usr/local/Cellar/avr-gcc/4.8.2/lib/gcc/avr/4.8.2/../../../../avr/lib/avrxmega2/libm.a(divsf3.o)
                0x00000000000003e2                __divsf3
 .text.avr-libc.fplib
                0x00000000000003e6       0xcc /usr/local/Cellar/avr-gcc/4.8.2/lib/gcc/avr/4.8.2/../../../../avr/lib/avrxmega2/libm.a(divsf3x.o)
                0x00000000000003fc                __divsf3x
                0x0000000000000400                __divsf3_pse
 .text.avr-libc.fplib
                0x00000000000004b2        0xa /usr/local/Cellar/avr-gcc/4.8.2/lib/gcc/avr/4.8.2/../../../../avr/lib/avrxmega2/libm.a(fixsfsi.o)
                0x00000000000004b2                __fixsfsi
 .text.avr-libc.fplib
                0x00000000000004bc       0x58 /usr/local/Cellar/avr-gcc/4.8.2/lib/gcc/avr/4.8.2/../../../../avr/lib/avrxmega2/libm.a(fixunssfsi.o)
                0x00000000000004bc                __fixunssfsi
 .text.avr-libc.fplib
                0x0000000000000514       0x7a /usr/local/Cellar/avr-gcc/4.8.2/lib/gcc/avr/4.8.2/../../../../avr/lib/avrxmega2/libm.a(floatsisf.o)
                0x0000000000000514                __floatunsisf
                0x0000000000000518                __floatsisf
 .text.avr-libc.fplib
                0x000000000000058e        0xc /usr/local/Cellar/avr-gcc/4.8.2/lib/gcc/avr/4.8.2/../../../../avr/lib/avrxmega2/libm.a(fp_inf.o)
                0x000000000000058e                __fp_inf
 .text.avr-libc.fplib
                0x000000000000059a        0x6 /usr/local/Cellar/avr-gcc/4.8.2/lib/gcc/avr/4.8.2/../../../../avr/lib/avrxmega2/libm.a(fp_nan.o)
                0x000000000000059a                __fp_nan
 .text.avr-libc.fplib
                0x00000000000005a0        0xe /usr/local/Cellar/avr-gcc/4.8.2/lib/gcc/avr/4.8.2/../../../../avr/lib/avrxmega2/libm.a(fp_pscA.o)
                0x00000000000005a0                __fp_pscA
 .text.avr-libc.fplib
                0x00000000000005ae        0xe /usr/local/Cellar/avr-gcc/4.8.2/lib/gcc/avr/4.8.2/../../../../avr/lib/avrxmega2/libm.a(fp_pscB.o)
                0x00000000000005ae                __fp_pscB
 .text.avr-libc.fplib
                0x00000000000005bc       0x22 /usr/local/Cellar/avr-gcc/4.8.2/lib/gcc/avr/4.8.2/../../../../avr/lib/avrxmega2/libm.a(fp_round.o)
                0x00000000000005bc                __fp_round
 .text.avr-libc.fplib
                0x00000000000005de       0x44 /usr/local/Cellar/avr-gcc/4.8.2/lib/gcc/avr/4.8.2/../../../../avr/lib/avrxmega2/libm.a(fp_split3.o)
                0x00000000000005de                __fp_split3
                0x00000000000005ee                __fp_splitA
 .text.avr-libc.fplib
                0x0000000000000622        0xe /usr/local/Cellar/avr-gcc/4.8.2/lib/gcc/avr/4.8.2/../../../../avr/lib/avrxmega2/libm.a(fp_zero.o)
                0x0000000000000622                __fp_zero
                0x0000000000000624                __fp_szero
 .text.avr-libc.fplib
                0x0000000000000630        0x4 /usr/local/Cellar/avr-gcc/4.8.2/lib/gcc/avr/4.8.2/../../../../avr/lib/avrxmega2/libm.a(mulsf3.o)
                0x0000000000000630                __mulsf3
 .text.avr-libc.fplib
                0x0000000000000634       0xc2 /usr/local/Cellar/avr-gcc/4.8.2/lib/gcc/avr/4.8.2/../../../../avr/lib/avrxmega2/libm.a(mulsf3x.o)
                0x0000000000000648                __mulsf3x
                0x000000000000064c                __mulsf3_pse
 .text.avr-libc.fplib
                0x00000000000006f6        0xc /usr/local/Cellar/avr-gcc/4.8.2/lib/gcc/avr/4.8.2/../../../../avr/lib/avrxmega2/libm.a(sin.o)
                0x00000000000006f6                sin
 .text.avr-libc.fplib
                0x0000000000000702       0x50 /usr/local/Cellar/avr-gcc/4.8.2/lib/gcc/avr/4.8.2/../../../../avr/lib/avrxmega2/libm.a(fp_rempio2.o)
                0x0000000000000704                __fp_rempio2
 .text.avr-libc.fplib
                0x0000000000000752       0x22 /usr/local/Cellar/avr-gcc/4.8.2/lib/gcc/avr/4.8.2/../../../../avr/lib/avrxmega2/libm.a(fp_sinus.o)
                0x0000000000000752                __fp_sinus
 .text.avr-libc.fplib
                0x0000000000000774       0x1c /usr/local/Cellar/avr-gcc/4.8.2/lib/gcc/avr/4.8.2/../../../../avr/lib/avrxmega2/libm.a(fp_mpack.o)
                0x0000000000000774                __fp_mpack
                0x0000000000000778                __fp_mpack_finite
 .text.avr-libc.fplib
                0x0000000000000790       0x22 /usr/local/Cellar/avr-gcc/4.8.2/lib/gcc/avr/4.8.2/../../../../avr/lib/avrxmega2/libm.a(fp_powsodd.o)
                0x0000000000000790                __fp_powsodd
 .text.avr-libc.fplib
                0x00000000000007b2       0x4a /usr/local/Cellar/avr-gcc/4.8.2/lib/gcc/avr/4.8.2/../../../../avr/lib/avrxmega2/libm.a(fp_powser.o)
                0x00000000000007b2                __fp_powser
 .text.libgcc.div
                0x00000000000007fc       0x44 /usr/local/Cellar/avr-gcc/4.8.2/lib/gcc/avr/4.8.2/avrxmega2/libgcc.a(_udivmodsi4.o)
                0x00000000000007fc                __udivmodsi4
                0x0000000000000840                . = ALIGN (0x2)
 *(.fini9)
 .fini9         0x0000000000000840        0x0 /usr/local/Cellar/avr-gcc/4.8.2/lib/gcc/avr/4.8.2/avrxmega2/libgcc.a(_exit.o)
                0x0000000000000840                exit
                0x0000000000000840                _exit
 *(.fini9)
 *(.fini8)
 *(.fini8)
 *(.fini7)
 *(.fini7)
 *(.fini6)
 *(.fini6)
 *(.fini5)
 *(.fini5)
 *(.fini4)
 *(.fini4)
 *(.fini3)
 *(.fini3)
 *(.fini2)
 *(.fini2)
 *(.fini1)
 *(.fini1)
 *(.fini0)
 .fini0         0x0000000000000840        0x4 /usr/local/Cellar/avr-gcc/4.8.2/lib/gcc/avr/4.8.2/avrxmega2/libgcc.a(_exit.o)
 *(.fini0)
                0x0000000000000844                _etext = .

.data           0x0000000000802000        0x2 load address 0x0000000000000844
                0x0000000000802000                PROVIDE (__data_start, .)
 *(.data)
 .data          0x0000000000802000        0x0 /usr/local/Cellar/avr-gcc/4.8.2/lib/gcc/avr/4.8.2/../../../../avr/lib/avrxmega2/crtx32e5.o
 .data          0x0000000000802000        0x0 waveform.o
 .data          0x0000000000802000        0x0 /usr/local/Cellar/avr-gcc/4.8.2/lib/gcc/avr/4.8.2/../../../../avr/lib/avrxmega2/libm.a(addsf3.o)
 .data          0x0000000000802000        0x0 /usr/local/Cellar/avr-gcc/4.8.2/lib/gcc/avr/4.8.2/../../../../avr/lib/avrxmega2/libm.a(addsf3x.o)
 .data          0x0000000000802000        0x0 /usr/local/Cellar/avr-gcc/4.8.2/lib/gcc/avr/4.8.2/../../../../avr/lib/avrxmega2/libm.a(divsf3.o)
 .data          0x0000000000802000        0x0 /usr/local/Cellar/avr-gcc/4.8.2/lib/gcc/avr/4.8.2/../../../../avr/lib/avrxmega2/libm.a(divsf3x.o)
 .data          0x0000000000802000        0x0 /usr/local/Cellar/avr-gcc/4.8.2/lib/gcc/avr/4.8.2/../../../../avr/lib/avrxmega2/libm.a(fixsfsi.o)
 .data          0x0000000000802000        0x0 /usr/local/Cellar/avr-gcc/4.8.2/lib/gcc/avr/4.8.2/../../../../avr/lib/avrxmega2/libm.a(fixunssfsi.o)
 .data          0x0000000000802000        0x0 /usr/local/Cellar/avr-gcc/4.8.2/lib/gcc/avr/4.8.2/../../../../avr/lib/avrxmega2/libm.a(floatsisf.o)
 .data          0x0000000000802000        0x0 /usr/local/Cellar/avr-gcc/4.8.2/lib/gcc/avr/4.8.2/../../../../avr/lib/avrxmega2/libm.a(fp_inf.o)
 .data          0x0000000000802000        0x0 /usr/local/Cellar/avr-gcc/4.8.2/lib/gcc/avr/4.8.2/../../../../avr/lib/avrxmega2/libm.a(fp_nan.o)
 .data          0x0000000000802000        0x0 /usr/local/Cellar/avr-gcc/4.8.2/lib/gcc/avr/4.8.2/../../../../avr/lib/avrxmega2/libm.a(fp_pscA.o)
 .data          0x0000000000802000        0x0 /usr/local/Cellar/avr-gcc/4.8.2/lib/gcc/avr/4.8.2/../../../../avr/lib/avrxmega2/libm.a(fp_pscB.o)
 .data          0x0000000000802000        0x0 /usr/local/Cellar/avr-gcc/4.8.2/lib/gcc/avr/4.8.2/../../../../avr/lib/avrxmega2/libm.a(fp_round.o)
 .data          0x0000000000802000        0x0 /usr/local/Cellar/avr-gcc/4.8.2/lib/gcc/avr/4.8.2/../../../../avr/lib/avrxmega2/libm.a(fp_split3.o)
 .data          0x0000000000802000        0x0 /usr/local/Cellar/avr-gcc/4.8.2/lib/gcc/avr/4.8.2/../../../../avr/lib/avrxmega2/libm.a(fp_zero.o)
 .data          0x0000000000802000        0x0 /usr/local/Cellar/avr-gcc/4.8.2/lib/gcc/avr/4.8.2/../../../../avr/lib/avrxmega2/libm.a(mulsf3.o)
 .data          0x0000000000802000        0x0 /usr/local/Cellar/avr-gcc/4.8.2/lib/gcc/avr/4.8.2/../../../../avr/lib/avrxmega2/libm.a(mulsf3x.o)
 .data          0x0000000000802000        0x0 /usr/local/Cellar/avr-gcc/4.8.2/lib/gcc/avr/4.8.2/../../../../avr/lib/avrxmega2/libm.a(sin.o)
 .data          0x0000000000802000        0x0 /usr/local/Cellar/avr-gcc/4.8.2/lib/gcc/avr/4.8.2/../../../../avr/lib/avrxmega2/libm.a(fp_rempio2.o)
 .data          0x0000000000802000        0x0 /usr/local/Cellar/avr-gcc/4.8.2/lib/gcc/avr/4.8.2/../../../../avr/lib/avrxmega2/libm.a(fp_sinus.o)
 .data          0x0000000000802000        0x0 /usr/local/Cellar/avr-gcc/4.8.2/lib/gcc/avr/4.8.2/../../../../avr/lib/avrxmega2/libm.a(fp_mpack.o)
 .data          0x0000000000802000        0x0 /usr/local/Cellar/avr-gcc/4.8.2/lib/gcc/avr/4.8.2/../../../../avr/lib/avrxmega2/libm.a(fp_powsodd.o)
 .data          0x0000000000802000        0x0 /usr/local/Cellar/avr-gcc/4.8.2/lib/gcc/avr/4.8.2/../../../../avr/lib/avrxmega2/libm.a(fp_powser.o)
 .data          0x0000000000802000        0x0 /usr/local/Cellar/avr-gcc/4.8.2/lib/gcc/avr/4.8.2/avrxmega2/libgcc.a(_udivmodsi4.o)
 .data          0x0000000000802000        0x0 /usr/local/Cellar/avr-gcc/4.8.2/lib/gcc/avr/4.8.2/avrxmega2/libgcc.a(_exit.o)
 .data          0x0000000000802000        0x0 /usr/local/Cellar/avr-gcc/4.8.2/lib/gcc/avr/4.8.2/avrxmega2/libgcc.a(_copy_data.o)
 .data          0x0000000000802000        0x0 /usr/local/Cellar/avr-gcc/4.8.2/lib/gcc/avr/4.8.2/avrxmega2/libgcc.a(_clear_bss.o)
 *(.data*)
 .data.gWaveNumSamp
                0x0000000000802000        0x2 waveform.o
                0x0000000000802000                gWaveNumSamp
 *(.rodata)
 *(.rodata*)
 *(.gnu.linkonce.d*)
                0x0000000000802002                . = ALIGN (0x2)
                0x0000000000802002                _edata = .
                0x0000000000802002                PROVIDE (__data_end, .)

.bss            0x0000000000802002       0xc8
                0x0000000000802002                PROVIDE (__bss_start, .)
 *(.bss)
 *(.bss*)
 *(COMMON)
 COMMON         0x0000000000802002       0xc8 waveform.o
                0x0000000000802002                data12
                0x00000000008020ca                PROVIDE (__bss_end, .)
                0x0000000000000844                __data_load_start = LOADADDR (.data)
                0x0000000000000846                __data_load_end = (__data_load_start + SIZEOF (.data))

.noinit         0x00000000008020ca        0x0
                0x00000000008020ca                PROVIDE (__noinit_start, .)
 *(.noinit*)
                0x00000000008020ca                PROVIDE (__noinit_end, .)
                0x00000000008020ca                _end = .
                0x00000000008020ca                PROVIDE (__heap_start, .)

.eeprom         0x0000000000810000        0x0
 *(.eeprom*)
                0x0000000000810000                __eeprom_end = .

.fuse
 *(.fuse)
 *(.lfuse)
 *(.hfuse)
 *(.efuse)

.lock
 *(.lock*)

.signature
 *(.signature*)

.stab           0x0000000000000000     0x28c8
 *(.stab)
 .stab          0x0000000000000000      0x6cc /usr/local/Cellar/avr-gcc/4.8.2/lib/gcc/avr/4.8.2/../../../../avr/lib/avrxmega2/crtx32e5.o
 .stab          0x00000000000006cc       0x78 /usr/local/Cellar/avr-gcc/4.8.2/lib/gcc/avr/4.8.2/../../../../avr/lib/avrxmega2/libm.a(addsf3.o)
                                         0x84 (size before relaxing)
 .stab          0x0000000000000744      0x4bc /usr/local/Cellar/avr-gcc/4.8.2/lib/gcc/avr/4.8.2/../../../../avr/lib/avrxmega2/libm.a(addsf3x.o)
                                        0x4c8 (size before relaxing)
 .stab          0x0000000000000c00       0x48 /usr/local/Cellar/avr-gcc/4.8.2/lib/gcc/avr/4.8.2/../../../../avr/lib/avrxmega2/libm.a(divsf3.o)
                                         0x54 (size before relaxing)
 .stab          0x0000000000000c48      0x510 /usr/local/Cellar/avr-gcc/4.8.2/lib/gcc/avr/4.8.2/../../../../avr/lib/avrxmega2/libm.a(divsf3x.o)
                                        0x51c (size before relaxing)
 .stab          0x0000000000001158       0x6c /usr/local/Cellar/avr-gcc/4.8.2/lib/gcc/avr/4.8.2/../../../../avr/lib/avrxmega2/libm.a(fixsfsi.o)
                                         0x78 (size before relaxing)
 .stab          0x00000000000011c4      0x240 /usr/local/Cellar/avr-gcc/4.8.2/lib/gcc/avr/4.8.2/../../../../avr/lib/avrxmega2/libm.a(fixunssfsi.o)
                                        0x24c (size before relaxing)
 .stab          0x0000000000001404      0x318 /usr/local/Cellar/avr-gcc/4.8.2/lib/gcc/avr/4.8.2/../../../../avr/lib/avrxmega2/libm.a(floatsisf.o)
                                        0x324 (size before relaxing)
 .stab          0x000000000000171c       0x78 /usr/local/Cellar/avr-gcc/4.8.2/lib/gcc/avr/4.8.2/../../../../avr/lib/avrxmega2/libm.a(fp_inf.o)
                                         0x84 (size before relaxing)
 .stab          0x0000000000001794       0x54 /usr/local/Cellar/avr-gcc/4.8.2/lib/gcc/avr/4.8.2/../../../../avr/lib/avrxmega2/libm.a(fp_nan.o)
                                         0x60 (size before relaxing)
 .stab          0x00000000000017e8       0x84 /usr/local/Cellar/avr-gcc/4.8.2/lib/gcc/avr/4.8.2/../../../../avr/lib/avrxmega2/libm.a(fp_pscA.o)
                                         0x90 (size before relaxing)
 .stab          0x000000000000186c       0x84 /usr/local/Cellar/avr-gcc/4.8.2/lib/gcc/avr/4.8.2/../../../../avr/lib/avrxmega2/libm.a(fp_pscB.o)
                                         0x90 (size before relaxing)
 .stab          0x00000000000018f0       0xfc /usr/local/Cellar/avr-gcc/4.8.2/lib/gcc/avr/4.8.2/../../../../avr/lib/avrxmega2/libm.a(fp_round.o)
                                        0x108 (size before relaxing)
 .stab          0x00000000000019ec      0x1d4 /usr/local/Cellar/avr-gcc/4.8.2/lib/gcc/avr/4.8.2/../../../../avr/lib/avrxmega2/libm.a(fp_split3.o)
                                        0x1e0 (size before relaxing)
 .stab          0x0000000000001bc0       0x90 /usr/local/Cellar/avr-gcc/4.8.2/lib/gcc/avr/4.8.2/../../../../avr/lib/avrxmega2/libm.a(fp_zero.o)
                                         0x9c (size before relaxing)
 .stab          0x0000000000001c50       0x48 /usr/local/Cellar/avr-gcc/4.8.2/lib/gcc/avr/4.8.2/../../../../avr/lib/avrxmega2/libm.a(mulsf3.o)
                                         0x54 (size before relaxing)
 .stab          0x0000000000001c98      0x4d4 /usr/local/Cellar/avr-gcc/4.8.2/lib/gcc/avr/4.8.2/../../../../avr/lib/avrxmega2/libm.a(mulsf3x.o)
                                        0x4e0 (size before relaxing)
 .stab          0x000000000000216c       0x78 /usr/local/Cellar/avr-gcc/4.8.2/lib/gcc/avr/4.8.2/../../../../avr/lib/avrxmega2/libm.a(sin.o)
                                         0x84 (size before relaxing)
 .stab          0x00000000000021e4      0x21c /usr/local/Cellar/avr-gcc/4.8.2/lib/gcc/avr/4.8.2/../../../../avr/lib/avrxmega2/libm.a(fp_rempio2.o)
                                        0x228 (size before relaxing)
 .stab          0x0000000000002400       0xfc /usr/local/Cellar/avr-gcc/4.8.2/lib/gcc/avr/4.8.2/../../../../avr/lib/avrxmega2/libm.a(fp_sinus.o)
                                        0x108 (size before relaxing)
 .stab          0x00000000000024fc       0xe4 /usr/local/Cellar/avr-gcc/4.8.2/lib/gcc/avr/4.8.2/../../../../avr/lib/avrxmega2/libm.a(fp_mpack.o)
                                         0xf0 (size before relaxing)
 .stab          0x00000000000025e0       0xfc /usr/local/Cellar/avr-gcc/4.8.2/lib/gcc/avr/4.8.2/../../../../avr/lib/avrxmega2/libm.a(fp_powsodd.o)
                                        0x108 (size before relaxing)
 .stab          0x00000000000026dc      0x1ec /usr/local/Cellar/avr-gcc/4.8.2/lib/gcc/avr/4.8.2/../../../../avr/lib/avrxmega2/libm.a(fp_powser.o)
                                        0x1f8 (size before relaxing)

.stabstr        0x0000000000000000      0x872
 *(.stabstr)
 .stabstr       0x0000000000000000      0x872 /usr/local/Cellar/avr-gcc/4.8.2/lib/gcc/avr/4.8.2/../../../../avr/lib/avrxmega2/crtx32e5.o

.stab.excl
 *(.stab.excl)

.stab.exclstr
 *(.stab.exclstr)

.stab.index
 *(.stab.index)

.stab.indexstr
 *(.stab.indexstr)

.comment        0x0000000000000000       0x11
 *(.comment)
 .comment       0x0000000000000000       0x11 waveform.o
                                         0x12 (size before relaxing)

.debug
 *(.debug)

.line
 *(.line)

.debug_srcinfo
 *(.debug_srcinfo)

.debug_sfnames
 *(.debug_sfnames)

.debug_aranges  0x0000000000000000       0xb8
 *(.debug_aranges)
 .debug_aranges
                0x0000000000000000       0x38 waveform.o
 .debug_aranges
                0x0000000000000038       0x20 /usr/local/Cellar/avr-gcc/4.8.2/lib/gcc/avr/4.8.2/avrxmega2/libgcc.a(_udivmodsi4.o)
 .debug_aranges
                0x0000000000000058       0x20 /usr/local/Cellar/avr-gcc/4.8.2/lib/gcc/avr/4.8.2/avrxmega2/libgcc.a(_exit.o)
 .debug_aranges
                0x0000000000000078       0x20 /usr/local/Cellar/avr-gcc/4.8.2/lib/gcc/avr/4.8.2/avrxmega2/libgcc.a(_copy_data.o)
 .debug_aranges
                0x0000000000000098       0x20 /usr/local/Cellar/avr-gcc/4.8.2/lib/gcc/avr/4.8.2/avrxmega2/libgcc.a(_clear_bss.o)

.debug_pubnames
 *(.debug_pubnames)

.debug_info     0x0000000000000000     0x18b8
 *(.debug_info)
 .debug_info    0x0000000000000000     0x1674 waveform.o
 .debug_info    0x0000000000001674       0x91 /usr/local/Cellar/avr-gcc/4.8.2/lib/gcc/avr/4.8.2/avrxmega2/libgcc.a(_udivmodsi4.o)
 .debug_info    0x0000000000001705       0x91 /usr/local/Cellar/avr-gcc/4.8.2/lib/gcc/avr/4.8.2/avrxmega2/libgcc.a(_exit.o)
 .debug_info    0x0000000000001796       0x91 /usr/local/Cellar/avr-gcc/4.8.2/lib/gcc/avr/4.8.2/avrxmega2/libgcc.a(_copy_data.o)
 .debug_info    0x0000000000001827       0x91 /usr/local/Cellar/avr-gcc/4.8.2/lib/gcc/avr/4.8.2/avrxmega2/libgcc.a(_clear_bss.o)
 *(.gnu.linkonce.wi.*)

.debug_abbrev   0x0000000000000000      0x2c8
 *(.debug_abbrev)
 .debug_abbrev  0x0000000000000000      0x278 waveform.o
 .debug_abbrev  0x0000000000000278       0x14 /usr/local/Cellar/avr-gcc/4.8.2/lib/gcc/avr/4.8.2/avrxmega2/libgcc.a(_udivmodsi4.o)
 .debug_abbrev  0x000000000000028c       0x14 /usr/local/Cellar/avr-gcc/4.8.2/lib/gcc/avr/4.8.2/avrxmega2/libgcc.a(_exit.o)
 .debug_abbrev  0x00000000000002a0       0x14 /usr/local/Cellar/avr-gcc/4.8.2/lib/gcc/avr/4.8.2/avrxmega2/libgcc.a(_copy_data.o)
 .debug_abbrev  0x00000000000002b4       0x14 /usr/local/Cellar/avr-gcc/4.8.2/lib/gcc/avr/4.8.2/avrxmega2/libgcc.a(_clear_bss.o)

.debug_line     0x0000000000000000      0x306
 *(.debug_line)
 .debug_line    0x0000000000000000      0x16b waveform.o
 .debug_line    0x000000000000016b       0x7b /usr/local/Cellar/avr-gcc/4.8.2/lib/gcc/avr/4.8.2/avrxmega2/libgcc.a(_udivmodsi4.o)
 .debug_line    0x00000000000001e6       0x5b /usr/local/Cellar/avr-gcc/4.8.2/lib/gcc/avr/4.8.2/avrxmega2/libgcc.a(_exit.o)
 .debug_line    0x0000000000000241       0x64 /usr/local/Cellar/avr-gcc/4.8.2/lib/gcc/avr/4.8.2/avrxmega2/libgcc.a(_copy_data.o)
 .debug_line    0x00000000000002a5       0x61 /usr/local/Cellar/avr-gcc/4.8.2/lib/gcc/avr/4.8.2/avrxmega2/libgcc.a(_clear_bss.o)

.debug_frame    0x0000000000000000       0xcc
 *(.debug_frame)
 .debug_frame   0x0000000000000000       0xcc waveform.o

.debug_str      0x0000000000000000      0x969
 *(.debug_str)
 .debug_str     0x0000000000000000      0x969 waveform.o
                                        0x9d7 (size before relaxing)

.debug_loc      0x0000000000000000      0x236
 *(.debug_loc)
 .debug_loc     0x0000000000000000      0x236 waveform.o

.debug_macinfo
 *(.debug_macinfo)

.debug_pubtypes
 *(.debug_pubtypes)

.debug_ranges   0x0000000000000000       0x28
 *(.debug_ranges)
 .debug_ranges  0x0000000000000000       0x28 waveform.o

.debug_macro
 *(.debug_macro)
OUTPUT(waveform.elf elf32-avr)
LOAD linker stubs

Cross Reference Table

Symbol                                            File
Config32MHzClock                                  waveform.o
GenerateArbWave12                                 waveform.o
LoadSineWave                                      waveform.o
__addsf3                                          /usr/local/Cellar/avr-gcc/4.8.2/lib/gcc/avr/4.8.2/../../../../avr/lib/avrxmega2/libm.a(addsf3.o)
                                                  waveform.o
__addsf3x                                         /usr/local/Cellar/avr-gcc/4.8.2/lib/gcc/avr/4.8.2/../../../../avr/lib/avrxmega2/libm.a(addsf3x.o)
                                                  /usr/local/Cellar/avr-gcc/4.8.2/lib/gcc/avr/4.8.2/../../../../avr/lib/avrxmega2/libm.a(fp_powser.o)
                                                  /usr/local/Cellar/avr-gcc/4.8.2/lib/gcc/avr/4.8.2/../../../../avr/lib/avrxmega2/libm.a(fp_sinus.o)
                                                  /usr/local/Cellar/avr-gcc/4.8.2/lib/gcc/avr/4.8.2/../../../../avr/lib/avrxmega2/libm.a(addsf3.o)
__bad_interrupt                                   /usr/local/Cellar/avr-gcc/4.8.2/lib/gcc/avr/4.8.2/../../../../avr/lib/avrxmega2/crtx32e5.o
__bss_end                                         /usr/local/Cellar/avr-gcc/4.8.2/lib/gcc/avr/4.8.2/avrxmega2/libgcc.a(_clear_bss.o)
__bss_start                                       /usr/local/Cellar/avr-gcc/4.8.2/lib/gcc/avr/4.8.2/avrxmega2/libgcc.a(_clear_bss.o)
__data_end                                        /usr/local/Cellar/avr-gcc/4.8.2/lib/gcc/avr/4.8.2/avrxmega2/libgcc.a(_copy_data.o)
__data_load_start                                 /usr/local/Cellar/avr-gcc/4.8.2/lib/gcc/avr/4.8.2/avrxmega2/libgcc.a(_copy_data.o)
__data_start                                      /usr/local/Cellar/avr-gcc/4.8.2/lib/gcc/avr/4.8.2/avrxmega2/libgcc.a(_copy_data.o)
__divsf3                                          /usr/local/Cellar/avr-gcc/4.8.2/lib/gcc/avr/4.8.2/../../../../avr/lib/avrxmega2/libm.a(divsf3.o)
                                                  waveform.o
__divsf3_pse                                      /usr/local/Cellar/avr-gcc/4.8.2/lib/gcc/avr/4.8.2/../../../../avr/lib/avrxmega2/libm.a(divsf3x.o)
__divsf3x                                         /usr/local/Cellar/avr-gcc/4.8.2/lib/gcc/avr/4.8.2/../../../../avr/lib/avrxmega2/libm.a(divsf3x.o)
                                                  /usr/local/Cellar/avr-gcc/4.8.2/lib/gcc/avr/4.8.2/../../../../avr/lib/avrxmega2/libm.a(divsf3.o)
__do_clear_bss                                    /usr/local/Cellar/avr-gcc/4.8.2/lib/gcc/avr/4.8.2/avrxmega2/libgcc.a(_clear_bss.o)
                                                  waveform.o
__do_copy_data                                    /usr/local/Cellar/avr-gcc/4.8.2/lib/gcc/avr/4.8.2/avrxmega2/libgcc.a(_copy_data.o)
                                                  waveform.o
__fixsfsi                                         /usr/local/Cellar/avr-gcc/4.8.2/lib/gcc/avr/4.8.2/../../../../avr/lib/avrxmega2/libm.a(fixsfsi.o)
                                                  waveform.o
__fixunssfsi                                      /usr/local/Cellar/avr-gcc/4.8.2/lib/gcc/avr/4.8.2/../../../../avr/lib/avrxmega2/libm.a(fixunssfsi.o)
                                                  /usr/local/Cellar/avr-gcc/4.8.2/lib/gcc/avr/4.8.2/../../../../avr/lib/avrxmega2/libm.a(fixsfsi.o)
__floatsisf                                       /usr/local/Cellar/avr-gcc/4.8.2/lib/gcc/avr/4.8.2/../../../../avr/lib/avrxmega2/libm.a(floatsisf.o)
                                                  waveform.o
__floatunsisf                                     /usr/local/Cellar/avr-gcc/4.8.2/lib/gcc/avr/4.8.2/../../../../avr/lib/avrxmega2/libm.a(floatsisf.o)
__fp_inf                                          /usr/local/Cellar/avr-gcc/4.8.2/lib/gcc/avr/4.8.2/../../../../avr/lib/avrxmega2/libm.a(fp_inf.o)
                                                  /usr/local/Cellar/avr-gcc/4.8.2/lib/gcc/avr/4.8.2/../../../../avr/lib/avrxmega2/libm.a(mulsf3x.o)
                                                  /usr/local/Cellar/avr-gcc/4.8.2/lib/gcc/avr/4.8.2/../../../../avr/lib/avrxmega2/libm.a(divsf3x.o)
                                                  /usr/local/Cellar/avr-gcc/4.8.2/lib/gcc/avr/4.8.2/../../../../avr/lib/avrxmega2/libm.a(addsf3x.o)
__fp_mpack                                        /usr/local/Cellar/avr-gcc/4.8.2/lib/gcc/avr/4.8.2/../../../../avr/lib/avrxmega2/libm.a(fp_mpack.o)
__fp_mpack_finite                                 /usr/local/Cellar/avr-gcc/4.8.2/lib/gcc/avr/4.8.2/../../../../avr/lib/avrxmega2/libm.a(fp_mpack.o)
                                                  /usr/local/Cellar/avr-gcc/4.8.2/lib/gcc/avr/4.8.2/../../../../avr/lib/avrxmega2/libm.a(fp_rempio2.o)
__fp_nan                                          /usr/local/Cellar/avr-gcc/4.8.2/lib/gcc/avr/4.8.2/../../../../avr/lib/avrxmega2/libm.a(fp_nan.o)
                                                  /usr/local/Cellar/avr-gcc/4.8.2/lib/gcc/avr/4.8.2/../../../../avr/lib/avrxmega2/libm.a(fp_rempio2.o)
                                                  /usr/local/Cellar/avr-gcc/4.8.2/lib/gcc/avr/4.8.2/../../../../avr/lib/avrxmega2/libm.a(mulsf3x.o)
                                                  /usr/local/Cellar/avr-gcc/4.8.2/lib/gcc/avr/4.8.2/../../../../avr/lib/avrxmega2/libm.a(divsf3x.o)
                                                  /usr/local/Cellar/avr-gcc/4.8.2/lib/gcc/avr/4.8.2/../../../../avr/lib/avrxmega2/libm.a(addsf3x.o)
__fp_powser                                       /usr/local/Cellar/avr-gcc/4.8.2/lib/gcc/avr/4.8.2/../../../../avr/lib/avrxmega2/libm.a(fp_powser.o)
                                                  /usr/local/Cellar/avr-gcc/4.8.2/lib/gcc/avr/4.8.2/../../../../avr/lib/avrxmega2/libm.a(fp_powsodd.o)
__fp_powsodd                                      /usr/local/Cellar/avr-gcc/4.8.2/lib/gcc/avr/4.8.2/../../../../avr/lib/avrxmega2/libm.a(fp_powsodd.o)
                                                  /usr/local/Cellar/avr-gcc/4.8.2/lib/gcc/avr/4.8.2/../../../../avr/lib/avrxmega2/libm.a(fp_sinus.o)
__fp_pscA                                         /usr/local/Cellar/avr-gcc/4.8.2/lib/gcc/avr/4.8.2/../../../../avr/lib/avrxmega2/libm.a(fp_pscA.o)
                                                  /usr/local/Cellar/avr-gcc/4.8.2/lib/gcc/avr/4.8.2/../../../../avr/lib/avrxmega2/libm.a(mulsf3x.o)
                                                  /usr/local/Cellar/avr-gcc/4.8.2/lib/gcc/avr/4.8.2/../../../../avr/lib/avrxmega2/libm.a(divsf3x.o)
                                                  /usr/local/Cellar/avr-gcc/4.8.2/lib/gcc/avr/4.8.2/../../../../avr/lib/avrxmega2/libm.a(addsf3x.o)
__fp_pscB                                         /usr/local/Cellar/avr-gcc/4.8.2/lib/gcc/avr/4.8.2/../../../../avr/lib/avrxmega2/libm.a(fp_pscB.o)
                                                  /usr/local/Cellar/avr-gcc/4.8.2/lib/gcc/avr/4.8.2/../../../../avr/lib/avrxmega2/libm.a(mulsf3x.o)
                                                  /usr/local/Cellar/avr-gcc/4.8.2/lib/gcc/avr/4.8.2/../../../../avr/lib/avrxmega2/libm.a(divsf3x.o)
                                                  /usr/local/Cellar/avr-gcc/4.8.2/lib/gcc/avr/4.8.2/../../../../avr/lib/avrxmega2/libm.a(addsf3x.o)
__fp_rempio2                                      /usr/local/Cellar/avr-gcc/4.8.2/lib/gcc/avr/4.8.2/../../../../avr/lib/avrxmega2/libm.a(fp_rempio2.o)
                                                  /usr/local/Cellar/avr-gcc/4.8.2/lib/gcc/avr/4.8.2/../../../../avr/lib/avrxmega2/libm.a(sin.o)
__fp_round                                        /usr/local/Cellar/avr-gcc/4.8.2/lib/gcc/avr/4.8.2/../../../../avr/lib/avrxmega2/libm.a(fp_round.o)
                                                  /usr/local/Cellar/avr-gcc/4.8.2/lib/gcc/avr/4.8.2/../../../../avr/lib/avrxmega2/libm.a(fp_sinus.o)
                                                  /usr/local/Cellar/avr-gcc/4.8.2/lib/gcc/avr/4.8.2/../../../../avr/lib/avrxmega2/libm.a(mulsf3.o)
                                                  /usr/local/Cellar/avr-gcc/4.8.2/lib/gcc/avr/4.8.2/../../../../avr/lib/avrxmega2/libm.a(divsf3.o)
                                                  /usr/local/Cellar/avr-gcc/4.8.2/lib/gcc/avr/4.8.2/../../../../avr/lib/avrxmega2/libm.a(addsf3.o)
__fp_sinus                                        /usr/local/Cellar/avr-gcc/4.8.2/lib/gcc/avr/4.8.2/../../../../avr/lib/avrxmega2/libm.a(fp_sinus.o)
                                                  /usr/local/Cellar/avr-gcc/4.8.2/lib/gcc/avr/4.8.2/../../../../avr/lib/avrxmega2/libm.a(sin.o)
__fp_split3                                       /usr/local/Cellar/avr-gcc/4.8.2/lib/gcc/avr/4.8.2/../../../../avr/lib/avrxmega2/libm.a(fp_split3.o)
                                                  /usr/local/Cellar/avr-gcc/4.8.2/lib/gcc/avr/4.8.2/../../../../avr/lib/avrxmega2/libm.a(mulsf3x.o)
                                                  /usr/local/Cellar/avr-gcc/4.8.2/lib/gcc/avr/4.8.2/../../../../avr/lib/avrxmega2/libm.a(divsf3x.o)
                                                  /usr/local/Cellar/avr-gcc/4.8.2/lib/gcc/avr/4.8.2/../../../../avr/lib/avrxmega2/libm.a(addsf3x.o)
__fp_splitA                                       /usr/local/Cellar/avr-gcc/4.8.2/lib/gcc/avr/4.8.2/../../../../avr/lib/avrxmega2/libm.a(fp_split3.o)
                                                  /usr/local/Cellar/avr-gcc/4.8.2/lib/gcc/avr/4.8.2/../../../../avr/lib/avrxmega2/libm.a(fp_rempio2.o)
                                                  /usr/local/Cellar/avr-gcc/4.8.2/lib/gcc/avr/4.8.2/../../../../avr/lib/avrxmega2/libm.a(fixunssfsi.o)
__fp_szero                                        /usr/local/Cellar/avr-gcc/4.8.2/lib/gcc/avr/4.8.2/../../../../avr/lib/avrxmega2/libm.a(fp_zero.o)
                                                  /usr/local/Cellar/avr-gcc/4.8.2/lib/gcc/avr/4.8.2/../../../../avr/lib/avrxmega2/libm.a(mulsf3x.o)
                                                  /usr/local/Cellar/avr-gcc/4.8.2/lib/gcc/avr/4.8.2/../../../../avr/lib/avrxmega2/libm.a(fixsfsi.o)
                                                  /usr/local/Cellar/avr-gcc/4.8.2/lib/gcc/avr/4.8.2/../../../../avr/lib/avrxmega2/libm.a(divsf3x.o)
__fp_zero                                         /usr/local/Cellar/avr-gcc/4.8.2/lib/gcc/avr/4.8.2/../../../../avr/lib/avrxmega2/libm.a(fp_zero.o)
                                                  /usr/local/Cellar/avr-gcc/4.8.2/lib/gcc/avr/4.8.2/../../../../avr/lib/avrxmega2/libm.a(fixunssfsi.o)
                                                  /usr/local/Cellar/avr-gcc/4.8.2/lib/gcc/avr/4.8.2/../../../../avr/lib/avrxmega2/libm.a(addsf3x.o)
__heap_end                                        /usr/local/Cellar/avr-gcc/4.8.2/lib/gcc/avr/4.8.2/../../../../avr/lib/avrxmega2/crtx32e5.o
__init                                            /usr/local/Cellar/avr-gcc/4.8.2/lib/gcc/avr/4.8.2/../../../../avr/lib/avrxmega2/crtx32e5.o
__mulsf3                                          /usr/local/Cellar/avr-gcc/4.8.2/lib/gcc/avr/4.8.2/../../../../avr/lib/avrxmega2/libm.a(mulsf3.o)
                                                  /usr/local/Cellar/avr-gcc/4.8.2/lib/gcc/avr/4.8.2/../../../../avr/lib/avrxmega2/libm.a(fp_powsodd.o)
                                                  waveform.o
__mulsf3_pse                                      /usr/local/Cellar/avr-gcc/4.8.2/lib/gcc/avr/4.8.2/../../../../avr/lib/avrxmega2/libm.a(mulsf3x.o)
__mulsf3x                                         /usr/local/Cellar/avr-gcc/4.8.2/lib/gcc/avr/4.8.2/../../../../avr/lib/avrxmega2/libm.a(mulsf3x.o)
                                                  /usr/local/Cellar/avr-gcc/4.8.2/lib/gcc/avr/4.8.2/../../../../avr/lib/avrxmega2/libm.a(fp_powser.o)
                                                  /usr/local/Cellar/avr-gcc/4.8.2/lib/gcc/avr/4.8.2/../../../../avr/lib/avrxmega2/libm.a(mulsf3.o)
__stack                                           /usr/local/Cellar/avr-gcc/4.8.2/lib/gcc/avr/4.8.2/../../../../avr/lib/avrxmega2/crtx32e5.o
__subsf3                                          /usr/local/Cellar/avr-gcc/4.8.2/lib/gcc/avr/4.8.2/../../../../avr/lib/avrxmega2/libm.a(addsf3.o)
__udivmodsi4                                      /usr/local/Cellar/avr-gcc/4.8.2/lib/gcc/avr/4.8.2/avrxmega2/libgcc.a(_udivmodsi4.o)
                                                  waveform.o
__vector_1                                        /usr/local/Cellar/avr-gcc/4.8.2/lib/gcc/avr/4.8.2/../../../../avr/lib/avrxmega2/crtx32e5.o
__vector_10                                       /usr/local/Cellar/avr-gcc/4.8.2/lib/gcc/avr/4.8.2/../../../../avr/lib/avrxmega2/crtx32e5.o
__vector_11                                       /usr/local/Cellar/avr-gcc/4.8.2/lib/gcc/avr/4.8.2/../../../../avr/lib/avrxmega2/crtx32e5.o
__vector_12                                       /usr/local/Cellar/avr-gcc/4.8.2/lib/gcc/avr/4.8.2/../../../../avr/lib/avrxmega2/crtx32e5.o
__vector_13                                       /usr/local/Cellar/avr-gcc/4.8.2/lib/gcc/avr/4.8.2/../../../../avr/lib/avrxmega2/crtx32e5.o
__vector_14                                       /usr/local/Cellar/avr-gcc/4.8.2/lib/gcc/avr/4.8.2/../../../../avr/lib/avrxmega2/crtx32e5.o
__vector_15                                       /usr/local/Cellar/avr-gcc/4.8.2/lib/gcc/avr/4.8.2/../../../../avr/lib/avrxmega2/crtx32e5.o
__vector_16                                       /usr/local/Cellar/avr-gcc/4.8.2/lib/gcc/avr/4.8.2/../../../../avr/lib/avrxmega2/crtx32e5.o
__vector_17                                       /usr/local/Cellar/avr-gcc/4.8.2/lib/gcc/avr/4.8.2/../../../../avr/lib/avrxmega2/crtx32e5.o
__vector_18                                       /usr/local/Cellar/avr-gcc/4.8.2/lib/gcc/avr/4.8.2/../../../../avr/lib/avrxmega2/crtx32e5.o
__vector_19                                       /usr/local/Cellar/avr-gcc/4.8.2/lib/gcc/avr/4.8.2/../../../../avr/lib/avrxmega2/crtx32e5.o
__vector_2                                        /usr/local/Cellar/avr-gcc/4.8.2/lib/gcc/avr/4.8.2/../../../../avr/lib/avrxmega2/crtx32e5.o
__vector_20                                       /usr/local/Cellar/avr-gcc/4.8.2/lib/gcc/avr/4.8.2/../../../../avr/lib/avrxmega2/crtx32e5.o
__vector_21                                       /usr/local/Cellar/avr-gcc/4.8.2/lib/gcc/avr/4.8.2/../../../../avr/lib/avrxmega2/crtx32e5.o
__vector_22                                       /usr/local/Cellar/avr-gcc/4.8.2/lib/gcc/avr/4.8.2/../../../../avr/lib/avrxmega2/crtx32e5.o
__vector_23                                       /usr/local/Cellar/avr-gcc/4.8.2/lib/gcc/avr/4.8.2/../../../../avr/lib/avrxmega2/crtx32e5.o
__vector_24                                       /usr/local/Cellar/avr-gcc/4.8.2/lib/gcc/avr/4.8.2/../../../../avr/lib/avrxmega2/crtx32e5.o
__vector_25                                       /usr/local/Cellar/avr-gcc/4.8.2/lib/gcc/avr/4.8.2/../../../../avr/lib/avrxmega2/crtx32e5.o
__vector_26                                       /usr/local/Cellar/avr-gcc/4.8.2/lib/gcc/avr/4.8.2/../../../../avr/lib/avrxmega2/crtx32e5.o
__vector_27                                       /usr/local/Cellar/avr-gcc/4.8.2/lib/gcc/avr/4.8.2/../../../../avr/lib/avrxmega2/crtx32e5.o
__vector_28                                       /usr/local/Cellar/avr-gcc/4.8.2/lib/gcc/avr/4.8.2/../../../../avr/lib/avrxmega2/crtx32e5.o
__vector_29                                       /usr/local/Cellar/avr-gcc/4.8.2/lib/gcc/avr/4.8.2/../../../../avr/lib/avrxmega2/crtx32e5.o
__vector_3                                        /usr/local/Cellar/avr-gcc/4.8.2/lib/gcc/avr/4.8.2/../../../../avr/lib/avrxmega2/crtx32e5.o
__vector_30                                       /usr/local/Cellar/avr-gcc/4.8.2/lib/gcc/avr/4.8.2/../../../../avr/lib/avrxmega2/crtx32e5.o
__vector_31                                       /usr/local/Cellar/avr-gcc/4.8.2/lib/gcc/avr/4.8.2/../../../../avr/lib/avrxmega2/crtx32e5.o
__vector_32                                       /usr/local/Cellar/avr-gcc/4.8.2/lib/gcc/avr/4.8.2/../../../../avr/lib/avrxmega2/crtx32e5.o
__vector_33                                       /usr/local/Cellar/avr-gcc/4.8.2/lib/gcc/avr/4.8.2/../../../../avr/lib/avrxmega2/crtx32e5.o
__vector_34                                       /usr/local/Cellar/avr-gcc/4.8.2/lib/gcc/avr/4.8.2/../../../../avr/lib/avrxmega2/crtx32e5.o
__vector_35                                       /usr/local/Cellar/avr-gcc/4.8.2/lib/gcc/avr/4.8.2/../../../../avr/lib/avrxmega2/crtx32e5.o
__vector_36                                       /usr/local/Cellar/avr-gcc/4.8.2/lib/gcc/avr/4.8.2/../../../../avr/lib/avrxmega2/crtx32e5.o
__vector_37                                       /usr/local/Cellar/avr-gcc/4.8.2/lib/gcc/avr/4.8.2/../../../../avr/lib/avrxmega2/crtx32e5.o
__vector_38                                       /usr/local/Cellar/avr-gcc/4.8.2/lib/gcc/avr/4.8.2/../../../../avr/lib/avrxmega2/crtx32e5.o
__vector_39                                       /usr/local/Cellar/avr-gcc/4.8.2/lib/gcc/avr/4.8.2/../../../../avr/lib/avrxmega2/crtx32e5.o
__vector_4                                        /usr/local/Cellar/avr-gcc/4.8.2/lib/gcc/avr/4.8.2/../../../../avr/lib/avrxmega2/crtx32e5.o
__vector_40                                       /usr/local/Cellar/avr-gcc/4.8.2/lib/gcc/avr/4.8.2/../../../../avr/lib/avrxmega2/crtx32e5.o
__vector_41                                       /usr/local/Cellar/avr-gcc/4.8.2/lib/gcc/avr/4.8.2/../../../../avr/lib/avrxmega2/crtx32e5.o
__vector_42                                       /usr/local/Cellar/avr-gcc/4.8.2/lib/gcc/avr/4.8.2/../../../../avr/lib/avrxmega2/crtx32e5.o
__vector_5                                        /usr/local/Cellar/avr-gcc/4.8.2/lib/gcc/avr/4.8.2/../../../../avr/lib/avrxmega2/crtx32e5.o
__vector_6                                        /usr/local/Cellar/avr-gcc/4.8.2/lib/gcc/avr/4.8.2/../../../../avr/lib/avrxmega2/crtx32e5.o
__vector_7                                        /usr/local/Cellar/avr-gcc/4.8.2/lib/gcc/avr/4.8.2/../../../../avr/lib/avrxmega2/crtx32e5.o
__vector_8                                        /usr/local/Cellar/avr-gcc/4.8.2/lib/gcc/avr/4.8.2/../../../../avr/lib/avrxmega2/crtx32e5.o
__vector_9                                        /usr/local/Cellar/avr-gcc/4.8.2/lib/gcc/avr/4.8.2/../../../../avr/lib/avrxmega2/crtx32e5.o
__vector_default                                  /usr/local/Cellar/avr-gcc/4.8.2/lib/gcc/avr/4.8.2/../../../../avr/lib/avrxmega2/crtx32e5.o
__vectors                                         /usr/local/Cellar/avr-gcc/4.8.2/lib/gcc/avr/4.8.2/../../../../avr/lib/avrxmega2/crtx32e5.o
_exit                                             /usr/local/Cellar/avr-gcc/4.8.2/lib/gcc/avr/4.8.2/avrxmega2/libgcc.a(_exit.o)
data12                                            waveform.o
exit                                              /usr/local/Cellar/avr-gcc/4.8.2/lib/gcc/avr/4.8.2/avrxmega2/libgcc.a(_exit.o)
                                                  /usr/local/Cellar/avr-gcc/4.8.2/lib/gcc/avr/4.8.2/../../../../avr/lib/avrxmega2/crtx32e5.o
gWaveNumSamp                                      waveform.o
main                                              waveform.o
                                                  /usr/local/Cellar/avr-gcc/4.8.2/lib/gcc/avr/4.8.2/../../../../avr/lib/avrxmega2/crtx32e5.o
sin                                               /usr/local/Cellar/avr-gcc/4.8.2/lib/gcc/avr/4.8.2/../../../../avr/lib/avrxmega2/libm.a(sin.o)
                                                  waveform.o
